<?xml version="1.0" encoding="utf-8"?><testsuites><testsuite name="pytest" errors="0" failures="0" skipped="0" tests="10" time="71.376" timestamp="2026-03-15T13:13:13.348144" hostname="LAPTOP-B2FI6EAM"><testcase classname="tests.test_invalid_login" name="test_invalid_login[admin@example.com-wrongpassword]" time="26.527" /><testcase classname="tests.test_admin_access" name="test_admin_users_page_access" time="34.029" /><testcase classname="tests.test_alerts" name="test_alerts_handling" time="37.393" /><testcase classname="tests.test_invalid_login" name="test_invalid_login[wrongemail-password]" time="12.546" /><testcase classname="tests.test_auth" name="test_valid_admin_login" time="9.828" /><testcase classname="tests.test_create_project" name="test_create_project" time="19.322" /><testcase classname="tests.test_invalid_login" name="test_invalid_login[-]" time="7.196" /><testcase classname="tests.test_non_admin_access" name="test_non_admin_access_restriction" time="11.714" /><testcase classname="tests.test_frames_windows" name="test_frames_and_windows" time="10.598" /><testcase classname="tests.test_tasks" name="test_task_status_update" time="11.000" /></testsuite></testsuites>